--------------------------------------------------------------------------------
Release 14.7 Trace  (nt64)
Copyright (c) 1995-2013 Xilinx, Inc.  All rights reserved.

C:\Xilinx\14.7\ISE_DS\ISE\bin\nt64\unwrapped\trce.exe -intstyle ise -v 3 -s 3
-n 3 -fastpaths -xml Single_Cpu_board.twx Single_Cpu_board.ncd -o
Single_Cpu_board.twr Single_Cpu_board.pcf -ucf Single_Cpu.ucf

Design file:              Single_Cpu_board.ncd
Physical constraint file: Single_Cpu_board.pcf
Device,package,speed:     xc6slx45,csg484,C,-3 (PRODUCTION 1.23 2013-10-13)
Report level:             verbose report

Environment Variable      Effect 
--------------------      ------ 
NONE                      No environment variables were set
--------------------------------------------------------------------------------

INFO:Timing:2698 - No timing constraints found, doing default enumeration.
INFO:Timing:3412 - To improve timing, see the Timing Closure User Guide (UG612).
INFO:Timing:2752 - To get complete path coverage, use the unconstrained paths 
   option. All paths that are not constrained will be reported in the 
   unconstrained paths section(s) of the report.
INFO:Timing:3339 - The clock-to-out numbers in this timing report are based on 
   a 50 Ohm transmission line loading model.  For the details of this model, 
   and for more information on accounting for different loading conditions, 
   please see the device datasheet.



Data Sheet report:
-----------------
All values displayed in nanoseconds (ns)

Clock to Setup on destination clock CLK
---------------+---------+---------+---------+---------+
               | Src:Rise| Src:Fall| Src:Rise| Src:Fall|
Source Clock   |Dest:Rise|Dest:Rise|Dest:Fall|Dest:Fall|
---------------+---------+---------+---------+---------+
CLK            |    4.884|         |         |         |
---------------+---------+---------+---------+---------+

Pad to Pad
---------------+---------------+---------+
Source Pad     |Destination Pad|  Delay  |
---------------+---------------+---------+
Switch<0>      |En<0>          |   10.423|
Switch<0>      |Segs<0>        |   10.819|
Switch<0>      |Segs<1>        |   10.945|
Switch<0>      |Segs<2>        |   11.351|
Switch<0>      |Segs<3>        |   11.160|
Switch<0>      |Segs<4>        |   11.406|
Switch<0>      |Segs<5>        |   11.390|
Switch<0>      |Segs<6>        |   10.957|
Switch<1>      |En<1>          |    9.616|
Switch<1>      |Segs<0>        |   10.845|
Switch<1>      |Segs<1>        |   10.971|
Switch<1>      |Segs<2>        |   11.377|
Switch<1>      |Segs<3>        |   11.186|
Switch<1>      |Segs<4>        |   11.432|
Switch<1>      |Segs<5>        |   11.416|
Switch<1>      |Segs<6>        |   10.983|
Switch<2>      |En<2>          |    9.939|
Switch<2>      |Segs<0>        |   11.127|
Switch<2>      |Segs<1>        |   11.253|
Switch<2>      |Segs<2>        |   11.659|
Switch<2>      |Segs<3>        |   11.468|
Switch<2>      |Segs<4>        |   11.714|
Switch<2>      |Segs<5>        |   11.698|
Switch<2>      |Segs<6>        |   11.265|
Switch<3>      |En<3>          |   10.538|
Switch<3>      |Segs<0>        |   10.971|
Switch<3>      |Segs<1>        |   11.097|
Switch<3>      |Segs<2>        |   11.503|
Switch<3>      |Segs<3>        |   11.312|
Switch<3>      |Segs<4>        |   11.558|
Switch<3>      |Segs<5>        |   11.542|
Switch<3>      |Segs<6>        |   11.109|
Switch<4>      |En<4>          |   10.168|
Switch<4>      |Segs<0>        |   10.519|
Switch<4>      |Segs<1>        |   10.645|
Switch<4>      |Segs<2>        |   11.051|
Switch<4>      |Segs<3>        |   10.860|
Switch<4>      |Segs<4>        |   11.106|
Switch<4>      |Segs<5>        |   11.090|
Switch<4>      |Segs<6>        |   10.657|
Switch<5>      |En<5>          |    9.694|
Switch<5>      |Segs<0>        |   10.319|
Switch<5>      |Segs<1>        |   10.445|
Switch<5>      |Segs<2>        |   10.851|
Switch<5>      |Segs<3>        |   10.660|
Switch<5>      |Segs<4>        |   10.906|
Switch<5>      |Segs<5>        |   10.890|
Switch<5>      |Segs<6>        |   10.457|
---------------+---------------+---------+


Analysis completed Tue Jun 15 12:30:32 2021 
--------------------------------------------------------------------------------

Trace Settings:
-------------------------
Trace Settings 

Peak Memory Usage: 4706 MB



